<?xml version="1.0" encoding="UTF-8"?>
<TestRun id="74a25f98-720e-4634-969b-300d288cabff" name="Administrator@NB-WH0612019 2012-10-17 17:53:48" runUser="NB-WH0612019\Administrator" xmlns="http://microsoft.com/schemas/VisualStudio/TeamTest/2010">
  <TestSettings name="Local" id="0b2e332d-ffba-4e97-8dbd-8d1d2b191089">
    <Description>These are default test settings for a local test run.</Description>
    <Deployment enabled="false" runDeploymentRoot="Administrator_NB-WH0612019 2012-10-17 17_53_48">
      <DeploymentItem filename="D:\GIT\Output\Database\bin\Release\AmbitonLib.Database.dll" />
    </Deployment>
    <Execution>
      <TestTypeSpecific />
      <AgentRule name="Execution Agents">
      </AgentRule>
    </Execution>
  </TestSettings>
  <Times creation="2012-10-17T17:53:48.2517362+08:00" queuing="2012-10-17T17:53:49.8877362+08:00" start="2012-10-17T17:53:50.0187362+08:00" finish="2012-10-17T17:54:10.4467362+08:00" />
  <ResultSummary outcome="Completed">
    <Counters total="1" executed="1" passed="1" error="0" failed="0" timeout="0" aborted="0" inconclusive="0" passedButRunAborted="0" notRunnable="0" notExecuted="0" disconnected="0" warning="0" completed="0" inProgress="0" pending="0" />
  </ResultSummary>
  <TestDefinitions>
    <UnitTest name="SelectUIControlByLinqConstructorTest" storage="d:\git\output\databasetest\bin\release\ambitonlib.test.databasetest.dll" id="b2287ff5-0c6d-85ef-02e2-3955f88344fc">
      <Execution id="e8873931-9093-46d5-b1d6-9cef265f0ba9" />
      <TestMethod codeBase="D:/GIT/Output/DatabaseTest/bin/Release/AmbitonLib.Test.DatabaseTest.DLL" adapterTypeName="Microsoft.VisualStudio.TestTools.TestTypes.Unit.UnitTestAdapter, Microsoft.VisualStudio.QualityTools.Tips.UnitTest.Adapter, Version=10.0.0.0, Culture=neutral, PublicKeyToken=b03f5f7f11d50a3a" className="AmbitonLib.Test.DatabaseTest.SelectUIControlByLinqTest, AmbitonLib.Test.DatabaseTest, Version=1.0.0.0, Culture=neutral, PublicKeyToken=null" name="SelectUIControlByLinqConstructorTest" />
    </UnitTest>
  </TestDefinitions>
  <TestLists>
    <TestList name="Results Not in a List" id="8c84fa94-04c1-424b-9868-57a2d4851a1d" />
    <TestList name="All Loaded Results" id="19431567-8539-422a-85d7-44ee4e166bda" />
  </TestLists>
  <TestEntries>
    <TestEntry testId="b2287ff5-0c6d-85ef-02e2-3955f88344fc" executionId="e8873931-9093-46d5-b1d6-9cef265f0ba9" testListId="8c84fa94-04c1-424b-9868-57a2d4851a1d" />
  </TestEntries>
  <Results>
    <UnitTestResult executionId="e8873931-9093-46d5-b1d6-9cef265f0ba9" testId="b2287ff5-0c6d-85ef-02e2-3955f88344fc" testName="SelectUIControlByLinqConstructorTest" computerName="NB-WH0612019" duration="00:00:18.0639114" startTime="2012-10-17T17:53:50.0957362+08:00" endTime="2012-10-17T17:54:10.3457362+08:00" testType="13cdc9d9-ddb5-4fa4-a97d-d965ccfc6d4b" outcome="Passed" testListId="8c84fa94-04c1-424b-9868-57a2d4851a1d" relativeResultsDirectory="e8873931-9093-46d5-b1d6-9cef265f0ba9">
    </UnitTestResult>
  </Results>
</TestRun>