<?xml version="1.0" encoding="UTF-8"?>
<TestRun id="32d654fb-edb7-4ab5-9eff-d641250a509e" name="Administrator@NB-WH0612019 2012-10-17 20:42:43" runUser="NB-WH0612019\Administrator" xmlns="http://microsoft.com/schemas/VisualStudio/TeamTest/2010">
  <TestSettings name="Local" id="0b2e332d-ffba-4e97-8dbd-8d1d2b191089">
    <Description>These are default test settings for a local test run.</Description>
    <Deployment enabled="false" runDeploymentRoot="Administrator_NB-WH0612019 2012-10-17 20_42_43">
      <DeploymentItem filename="D:\GIT\Output\Database\bin\Release\AmbitonLib.Database.dll" />
    </Deployment>
    <Execution>
      <TestTypeSpecific />
      <AgentRule name="Execution Agents">
      </AgentRule>
    </Execution>
  </TestSettings>
  <Times creation="2012-10-17T20:42:43.5846183+08:00" queuing="2012-10-17T20:42:48.8159175+08:00" start="2012-10-17T20:42:49.1439363+08:00" finish="2012-10-17T20:43:24.7459726+08:00" />
  <ResultSummary outcome="Completed">
    <Counters total="1" executed="1" passed="1" error="0" failed="0" timeout="0" aborted="0" inconclusive="0" passedButRunAborted="0" notRunnable="0" notExecuted="0" disconnected="0" warning="0" completed="0" inProgress="0" pending="0" />
  </ResultSummary>
  <TestDefinitions>
    <UnitTest name="SelectUIControlByLinqConstructorTest" storage="d:\git\output\databasetest\bin\release\ambitonlib.test.databasetest.dll" id="b2287ff5-0c6d-85ef-02e2-3955f88344fc">
      <Execution id="48812294-d668-4085-a078-14a98ec05507" />
      <TestMethod codeBase="D:/GIT/Output/DatabaseTest/bin/Release/AmbitonLib.Test.DatabaseTest.DLL" adapterTypeName="Microsoft.VisualStudio.TestTools.TestTypes.Unit.UnitTestAdapter, Microsoft.VisualStudio.QualityTools.Tips.UnitTest.Adapter, Version=10.0.0.0, Culture=neutral, PublicKeyToken=b03f5f7f11d50a3a" className="AmbitonLib.Test.DatabaseTest.SelectUIControlByLinqTest, AmbitonLib.Test.DatabaseTest, Version=1.0.0.0, Culture=neutral, PublicKeyToken=null" name="SelectUIControlByLinqConstructorTest" />
    </UnitTest>
  </TestDefinitions>
  <TestLists>
    <TestList name="Results Not in a List" id="8c84fa94-04c1-424b-9868-57a2d4851a1d" />
    <TestList name="All Loaded Results" id="19431567-8539-422a-85d7-44ee4e166bda" />
  </TestLists>
  <TestEntries>
    <TestEntry testId="b2287ff5-0c6d-85ef-02e2-3955f88344fc" executionId="48812294-d668-4085-a078-14a98ec05507" testListId="8c84fa94-04c1-424b-9868-57a2d4851a1d" />
  </TestEntries>
  <Results>
    <UnitTestResult executionId="48812294-d668-4085-a078-14a98ec05507" testId="b2287ff5-0c6d-85ef-02e2-3955f88344fc" testName="SelectUIControlByLinqConstructorTest" computerName="NB-WH0612019" duration="00:00:28.4058071" startTime="2012-10-17T20:42:49.2649432+08:00" endTime="2012-10-17T20:43:24.4719570+08:00" testType="13cdc9d9-ddb5-4fa4-a97d-d965ccfc6d4b" outcome="Passed" testListId="8c84fa94-04c1-424b-9868-57a2d4851a1d" relativeResultsDirectory="48812294-d668-4085-a078-14a98ec05507">
    </UnitTestResult>
  </Results>
</TestRun>